// Jest Snapshot v1, https://goo.gl/fbAQLP

exports[`renders correctly 1`] = `
<tr>
  <td
    style={
      Object {
        "fontWeight": "bold",
      }
    }
  />
  <td />
  <td
    className="button-status"
  >
    <div
      className="status"
    >
      NOT A MEMBER
    </div>
  </td>
  <td
    className="button-join"
  >
    <button
      className="join"
      onClick={[Function]}
      type="button"
    >
      Join Mission
    </button>
  </td>
</tr>
`;
